[nupagamentos.online/orbi/loja/index-2.html]
[nupagamentos.online/cdn.utmify.com.br/scripts/pixel/pixel.js]
[nupagamentos.online/orbi/loja/js/pixel.js]
[backblue.gif]
[fade.gif]
[index.html]
[nupagamentos.online/orbi/loja/images/favicon.png]
[nupagamentos.online/orbi/loja/css/products.css]
[nupagamentos.online/orbi/loja/css/styles2.css]
[nupagamentos.online/orbi/loja/css/fonts.css]
[nupagamentos.online/orbi/loja/images/logo.webp]
[nupagamentos.online/orbi/loja/images/bannerrecompensas.png]
[nupagamentos.online/orbi/loja/akAzul.html]
[nupagamentos.online/orbi/loja/images/akazul_1.png]
[nupagamentos.online/orbi/loja/akVermelho.html]
[nupagamentos.online/orbi/loja/images/akred_1.png]
[nupagamentos.online/orbi/loja/m4Azul.html]
[nupagamentos.online/orbi/loja/images/azulm4_1.png]
[nupagamentos.online/orbi/loja/m4Vermelho.html]
[nupagamentos.online/orbi/loja/images/redm4_1.png]
[nupagamentos.online/orbi/loja/pistol.html]
[nupagamentos.online/orbi/loja/images/2pistol_1.png]
[nupagamentos.online/orbi/loja/images/esgotado.png]
[nupagamentos.online/orbi/loja/index-2.html]
[fonts.googleapis.com/css2a0ee.css]
[nupagamentos.online/orbi/loja/css/styles.css]
[nupagamentos.online/orbi/loja/images/akazul_2.png]
[nupagamentos.online/orbi/loja/images/akazul_3.png]
[nupagamentos.online/orbi/loja/images/akazul_4.png]
[nupagamentos.online/orbi/loja/images/pretorating.png]
[nupagamentos.online/orbi/loja/images/reviews/ak/1.png]
[nupagamentos.online/orbi/loja/images/reviews/ak/2.png]
[nupagamentos.online/orbi/loja/images/reviews/ak/3.png]
[nupagamentos.online/orbi/loja/responda.html]
[nupagamentos.online/orbi/loja/akAzul.html]
[nupagamentos.online/orbi/loja/images/akred_2.png]
[nupagamentos.online/orbi/loja/images/akred_3.png]
[nupagamentos.online/orbi/loja/images/akred_4.png]
[nupagamentos.online/orbi/loja/akVermelho.html]
[nupagamentos.online/orbi/loja/images/azulm4_2.png]
[nupagamentos.online/orbi/loja/images/azulm4_3.png]
[nupagamentos.online/orbi/loja/images/azulm4_4.png]
[nupagamentos.online/orbi/loja/images/reviews/m4azul/2.png]
[nupagamentos.online/orbi/loja/images/reviews/m4azul/1.png]
[nupagamentos.online/orbi/loja/m4Azul.html]
[nupagamentos.online/orbi/loja/js/latest.js]
[nupagamentos.online/orbi/loja/images/redm4_2.png]
[nupagamentos.online/orbi/loja/images/redm4_3.png]
[nupagamentos.online/orbi/loja/images/redm4_4.png]
[nupagamentos.online/orbi/loja/images/reviews/m4vermelha/2.png]
[nupagamentos.online/orbi/loja/images/reviews/m4vermelha/1.png]
[nupagamentos.online/orbi/loja/m4Vermelho.html]
[nupagamentos.online/orbi/loja/images/2pistol_2.png]
[nupagamentos.online/orbi/loja/images/2pistol_3.png]
[nupagamentos.online/orbi/loja/images/2pistol_4.png]
[nupagamentos.online/orbi/loja/images/reviews/pistola/1.png]
[nupagamentos.online/orbi/loja/pistol.html]
[nupagamentos.online/img-sys/server_misconfigured.png]
[nupagamentos.online/img-sys/powered_by_cpanel.svg]
[nupagamentos.online/orbi/loja/responda.html]
[nupagamentos.online/cdn.utmify.com.br/scripts/pixel/pixel.html]
[connect.facebook.net/en_US/fbevents.js]
[cdn.jsdelivr.net/npm/js-sha256/src/sha256.min.js]
[nupagamentos.online/orbi/loja/js/pixel.js]
[nupagamentos.online/orbi/loja/css/products.css]
[nupagamentos.online/orbi/loja/css/styles2.css]
[nupagamentos.online/orbi/loja/fonts/GellixBlack.otf]
[nupagamentos.online/orbi/loja/fonts/GellixRegular.otf]
[nupagamentos.online/orbi/loja/fonts/GellixMedium.otf]
[nupagamentos.online/orbi/loja/fonts/GellixBold.otf]
[nupagamentos.online/orbi/loja/fonts/GellixSemiBold.otf]
[nupagamentos.online/orbi/loja/css/fonts.css]
[nupagamentos.online/orbi/loja/akAzul.html]
[nupagamentos.online/orbi/loja/akVermelho.html]
[nupagamentos.online/orbi/loja/m4Azul.html]
[nupagamentos.online/orbi/loja/m4Vermelho.html]
[nupagamentos.online/orbi/loja/pistol.html]
[nupagamentos.online/orbi/loja/css/styles.css]
[nupagamentos.online/orbi/loja/responda.html]
[nupagamentos.online/orbi/loja/wa.39.delayed]
[nupagamentos.online/orbi/loja/js/latest.js]
[nupagamentos.online/img-sys/server_misconfigured.html]
[nupagamentos.online/img-sys/powered_by_cpanel.html]
[nupagamentos.online/orbi/loja/js/a]
[nupagamentos.online/orbi/loja/js/POST]
[nupagamentos.online/orbi/loja/js/b.resolvedLink]
[nupagamentos.online/orbi/loja/js/schema.org/index.html]
[nupagamentos.online/signals/iwl.3d.delayed]
[connect.facebook.net/en_US/fbevents.js]
[nupagamentos.online/orbi/loja/wa.html]
[nupagamentos.online/orbi/loja/js/a.html]
[nupagamentos.online/orbi/loja/js/POST.html]
[nupagamentos.online/orbi/loja/js/schema.org/index.html]
[nupagamentos.online/orbi/loja/js/b.html]
[nupagamentos.online/signals/iwl.html]
